../Core/Src/freertos.c:81:21:fabsf_fast	24	static
../Core/Src/freertos.c:127:13:uiBuildCellsFromLocLCD	224	static
../Core/Src/freertos.c:190:21:clampf	24	static
../Core/Src/freertos.c:196:19:is_pressed	16	static
../Core/Src/freertos.c:373:6:MX_FREERTOS_Init	8	static
../Core/Src/freertos.c:433:6:StartDefaultTask	448	static
../Core/Src/freertos.c:558:6:EncoderTask	24	static
../Core/Src/freertos.c:588:6:MotorControlTask	32	static
../Core/Src/freertos.c:658:6:OdometryTask	24	static
../Core/Src/freertos.c:672:6:yaw_to_quaternion	16	static
../Core/Src/freertos.c:680:13:microros_odom_init	16	static
../Core/Src/freertos.c:695:13:microros_publish_odom	32	static
../Core/Src/freertos.c:721:24:millis_void	8	static
../Core/Src/freertos.c:727:13:cmdvel_cb	40	static
../Core/Src/freertos.c:745:13:pid_cb	24	static
../Core/Src/freertos.c:767:6:MotionTask	200	static
../Core/Src/freertos.c:870:6:StartPS2Task	48	static
../Core/Src/freertos.c:908:6:StartTeleopTask	96	static
../Core/Src/freertos.c:1004:20:EncData_Publish	24	static,ignoring_inline_asm
../Core/Src/freertos.c:1014:20:OdomData_Publish	24	static,ignoring_inline_asm
../Core/Src/freertos.c:1023:20:MotorData_Publish	16	static,ignoring_inline_asm
../Core/Src/freertos.c:1031:20:EncData_Read	24	static,ignoring_inline_asm
../Core/Src/freertos.c:1041:20:OdomData_Read	24	static,ignoring_inline_asm
../Core/Src/freertos.c:1051:20:MotorData_Read	24	static,ignoring_inline_asm
../Core/Src/freertos.c:1061:13:lcdUpdateCell2Lines	64	static
../Core/Src/freertos.c:1092:13:lcdUpdateAllValues_FromSnapshots	256	static
../Core/Src/freertos.c:1157:6:StartLCDTask	24	static
