../Core/Src/xpt2046.c:27:16:pressed_by_z	16	static
../Core/Src/xpt2046.c:34:20:cs_low	8	static
../Core/Src/xpt2046.c:39:20:cs_high	8	static
../Core/Src/xpt2046.c:45:17:read12	40	static
../Core/Src/xpt2046.c:59:24:clamp_u16	16	static
../Core/Src/xpt2046.c:67:17:map_raw	24	static
../Core/Src/xpt2046.c:79:6:xpt2046_spi	16	static
../Core/Src/xpt2046.c:84:6:xpt2046_cs	16	static
../Core/Src/xpt2046.c:90:6:xpt2046_penirq	16	static
../Core/Src/xpt2046.c:96:6:xpt2046_set_size	16	static
../Core/Src/xpt2046.c:102:6:xpt2046_orientation	16	static
../Core/Src/xpt2046.c:107:6:xpt2046_set_raw_range	16	static
../Core/Src/xpt2046.c:113:6:xpt2046_set_offset	16	static
../Core/Src/xpt2046.c:119:6:xpt2046_init	8	static
../Core/Src/xpt2046.c:126:9:xpt2046_pressed	8	static
../Core/Src/xpt2046.c:133:6:xpt2046_update	48	static
../Core/Src/xpt2046.c:201:6:xpt2046_read_position	16	static
../Core/Src/xpt2046.c:233:15:xpt2046_get_raw	16	static
../Core/Src/xpt2046.c:238:17:xpt2046_get_point	16	static
